2026-04-16 14:40:49,441 - DEBUG - STREAM b'IHDR' 16 13
2026-04-16 14:40:49,442 - DEBUG - STREAM b'sRGB' 41 1
2026-04-16 14:40:49,442 - DEBUG - STREAM b'IDAT' 54 8192
2026-04-16 14:40:49,442 - DEBUG - STREAM b'IHDR' 16 13
2026-04-16 14:40:49,442 - DEBUG - STREAM b'sRGB' 41 1
2026-04-16 14:40:49,442 - DEBUG - STREAM b'IDAT' 54 8192
2026-04-16 14:40:49,457 - DEBUG - STREAM b'IHDR' 16 13
2026-04-16 14:40:49,457 - DEBUG - STREAM b'sRGB' 41 1
2026-04-16 14:40:49,457 - DEBUG - STREAM b'IDAT' 54 8192
2026-04-16 14:40:49,457 - DEBUG - STREAM b'IHDR' 16 13
2026-04-16 14:40:49,457 - DEBUG - STREAM b'sRGB' 41 1
2026-04-16 14:40:49,459 - DEBUG - STREAM b'IDAT' 54 8192
2026-04-16 14:40:49,470 - DEBUG - STREAM b'IHDR' 16 13
2026-04-16 14:40:49,471 - DEBUG - STREAM b'sRGB' 41 1
2026-04-16 14:40:49,471 - DEBUG - STREAM b'IDAT' 54 8192
2026-04-16 14:40:49,471 - DEBUG - STREAM b'IHDR' 16 13
2026-04-16 14:40:49,471 - DEBUG - STREAM b'sRGB' 41 1
2026-04-16 14:40:49,471 - DEBUG - STREAM b'IDAT' 54 8192
2026-04-16 14:41:44,418 - DEBUG - STREAM b'IHDR' 16 13
2026-04-16 14:41:44,419 - DEBUG - STREAM b'sRGB' 41 1
2026-04-16 14:41:44,419 - DEBUG - STREAM b'IDAT' 54 8192
2026-04-16 14:41:44,419 - DEBUG - STREAM b'IHDR' 16 13
2026-04-16 14:41:44,419 - DEBUG - STREAM b'sRGB' 41 1
2026-04-16 14:41:44,419 - DEBUG - STREAM b'IDAT' 54 8192
2026-04-16 14:41:44,439 - DEBUG - STREAM b'IHDR' 16 13
2026-04-16 14:41:44,439 - DEBUG - STREAM b'sRGB' 41 1
2026-04-16 14:41:44,439 - DEBUG - STREAM b'IDAT' 54 8192
2026-04-16 14:41:44,439 - DEBUG - STREAM b'IHDR' 16 13
2026-04-16 14:41:44,439 - DEBUG - STREAM b'sRGB' 41 1
2026-04-16 14:41:44,439 - DEBUG - STREAM b'IDAT' 54 8192
2026-04-16 14:41:44,460 - DEBUG - STREAM b'IHDR' 16 13
2026-04-16 14:41:44,461 - DEBUG - STREAM b'sRGB' 41 1
2026-04-16 14:41:44,462 - DEBUG - STREAM b'IDAT' 54 8192
2026-04-16 14:41:44,463 - DEBUG - STREAM b'IHDR' 16 13
2026-04-16 14:41:44,463 - DEBUG - STREAM b'sRGB' 41 1
2026-04-16 14:41:44,464 - DEBUG - STREAM b'IDAT' 54 8192
2026-04-16 14:42:19,888 - DEBUG - STREAM b'IHDR' 16 13
2026-04-16 14:42:19,895 - DEBUG - STREAM b'sRGB' 41 1
2026-04-16 14:42:19,895 - DEBUG - STREAM b'IDAT' 54 8192
2026-04-16 14:42:19,895 - DEBUG - STREAM b'IHDR' 16 13
2026-04-16 14:42:19,895 - DEBUG - STREAM b'sRGB' 41 1
2026-04-16 14:42:19,895 - DEBUG - STREAM b'IDAT' 54 8192
2026-04-16 14:42:19,914 - DEBUG - STREAM b'IHDR' 16 13
2026-04-16 14:42:19,914 - DEBUG - STREAM b'sRGB' 41 1
2026-04-16 14:42:19,914 - DEBUG - STREAM b'IDAT' 54 8192
2026-04-16 14:42:19,914 - DEBUG - STREAM b'IHDR' 16 13
2026-04-16 14:42:19,914 - DEBUG - STREAM b'sRGB' 41 1
2026-04-16 14:42:19,914 - DEBUG - STREAM b'IDAT' 54 8192
2026-04-16 14:42:19,930 - DEBUG - STREAM b'IHDR' 16 13
2026-04-16 14:42:19,930 - DEBUG - STREAM b'sRGB' 41 1
2026-04-16 14:42:19,930 - DEBUG - STREAM b'IDAT' 54 8192
2026-04-16 14:42:19,930 - DEBUG - STREAM b'IHDR' 16 13
2026-04-16 14:42:19,931 - DEBUG - STREAM b'sRGB' 41 1
2026-04-16 14:42:19,931 - DEBUG - STREAM b'IDAT' 54 8192
2026-04-16 14:42:19,963 - DEBUG - STREAM b'IHDR' 16 13
2026-04-16 14:42:19,963 - DEBUG - STREAM b'IDAT' 41 4096
2026-04-16 14:42:19,963 - DEBUG - STREAM b'IHDR' 16 13
2026-04-16 14:42:19,963 - DEBUG - STREAM b'IDAT' 41 4096
2026-04-16 14:42:19,966 - DEBUG - STREAM b'IDAT' 87682 6
2026-04-16 14:43:11,600 - DEBUG - STREAM b'IHDR' 16 13
2026-04-16 14:43:11,601 - DEBUG - STREAM b'sRGB' 41 1
2026-04-16 14:43:11,601 - DEBUG - STREAM b'IDAT' 54 8192
2026-04-16 14:43:11,601 - DEBUG - STREAM b'IHDR' 16 13
2026-04-16 14:43:11,601 - DEBUG - STREAM b'sRGB' 41 1
2026-04-16 14:43:11,601 - DEBUG - STREAM b'IDAT' 54 8192
2026-04-16 14:43:11,618 - DEBUG - STREAM b'IHDR' 16 13
2026-04-16 14:43:11,619 - DEBUG - STREAM b'sRGB' 41 1
2026-04-16 14:43:11,624 - DEBUG - STREAM b'IDAT' 54 8192
2026-04-16 14:43:11,626 - DEBUG - STREAM b'IHDR' 16 13
2026-04-16 14:43:11,627 - DEBUG - STREAM b'sRGB' 41 1
2026-04-16 14:43:11,627 - DEBUG - STREAM b'IDAT' 54 8192
2026-04-16 14:43:11,657 - DEBUG - STREAM b'IHDR' 16 13
2026-04-16 14:43:11,657 - DEBUG - STREAM b'sRGB' 41 1
2026-04-16 14:43:11,657 - DEBUG - STREAM b'IDAT' 54 8192
2026-04-16 14:43:11,657 - DEBUG - STREAM b'IHDR' 16 13
2026-04-16 14:43:11,657 - DEBUG - STREAM b'sRGB' 41 1
2026-04-16 14:43:11,657 - DEBUG - STREAM b'IDAT' 54 8192
2026-04-16 14:43:11,711 - DEBUG - STREAM b'IHDR' 16 13
2026-04-16 14:43:11,712 - DEBUG - STREAM b'eXIf' 41 180
2026-04-16 14:43:11,712 - DEBUG - STREAM b'pHYs' 233 9
2026-04-16 14:43:11,712 - DEBUG - STREAM b'iTXt' 254 1383
2026-04-16 14:43:11,712 - DEBUG - STREAM b'IDAT' 1649 8192
2026-04-16 14:43:11,712 - DEBUG - STREAM b'IHDR' 16 13
2026-04-16 14:43:11,713 - DEBUG - STREAM b'eXIf' 41 180
2026-04-16 14:43:11,713 - DEBUG - STREAM b'pHYs' 233 9
2026-04-16 14:43:11,713 - DEBUG - STREAM b'iTXt' 254 1383
2026-04-16 14:43:11,713 - DEBUG - STREAM b'IDAT' 1649 8192
2026-04-16 14:43:30,740 - DEBUG - STREAM b'IHDR' 16 13
2026-04-16 14:43:30,740 - DEBUG - STREAM b'sRGB' 41 1
2026-04-16 14:43:30,741 - DEBUG - STREAM b'IDAT' 54 8192
2026-04-16 14:43:30,741 - DEBUG - STREAM b'IHDR' 16 13
2026-04-16 14:43:30,741 - DEBUG - STREAM b'sRGB' 41 1
2026-04-16 14:43:30,741 - DEBUG - STREAM b'IDAT' 54 8192
2026-04-16 14:43:30,758 - DEBUG - STREAM b'IHDR' 16 13
2026-04-16 14:43:30,758 - DEBUG - STREAM b'sRGB' 41 1
2026-04-16 14:43:30,758 - DEBUG - STREAM b'IDAT' 54 8192
2026-04-16 14:43:30,758 - DEBUG - STREAM b'IHDR' 16 13
2026-04-16 14:43:30,758 - DEBUG - STREAM b'sRGB' 41 1
2026-04-16 14:43:30,759 - DEBUG - STREAM b'IDAT' 54 8192
2026-04-16 14:43:30,784 - DEBUG - STREAM b'IHDR' 16 13
2026-04-16 14:43:30,785 - DEBUG - STREAM b'sRGB' 41 1
2026-04-16 14:43:30,785 - DEBUG - STREAM b'IDAT' 54 8192
2026-04-16 14:43:30,786 - DEBUG - STREAM b'IHDR' 16 13
2026-04-16 14:43:30,786 - DEBUG - STREAM b'sRGB' 41 1
2026-04-16 14:43:30,787 - DEBUG - STREAM b'IDAT' 54 8192
2026-04-16 14:43:30,810 - DEBUG - STREAM b'IHDR' 16 13
2026-04-16 14:43:30,810 - DEBUG - STREAM b'eXIf' 41 180
2026-04-16 14:43:30,810 - DEBUG - STREAM b'pHYs' 233 9
2026-04-16 14:43:30,810 - DEBUG - STREAM b'iTXt' 254 1383
2026-04-16 14:43:30,810 - DEBUG - STREAM b'IDAT' 1649 8192
2026-04-16 14:43:30,811 - DEBUG - STREAM b'IHDR' 16 13
2026-04-16 14:43:30,811 - DEBUG - STREAM b'eXIf' 41 180
2026-04-16 14:43:30,811 - DEBUG - STREAM b'pHYs' 233 9
2026-04-16 14:43:30,811 - DEBUG - STREAM b'iTXt' 254 1383
2026-04-16 14:43:30,811 - DEBUG - STREAM b'IDAT' 1649 8192
2026-04-16 14:44:03,077 - DEBUG - STREAM b'IHDR' 16 13
2026-04-16 14:44:03,077 - DEBUG - STREAM b'sRGB' 41 1
2026-04-16 14:44:03,077 - DEBUG - STREAM b'IDAT' 54 8192
2026-04-16 14:44:03,077 - DEBUG - STREAM b'IHDR' 16 13
2026-04-16 14:44:03,077 - DEBUG - STREAM b'sRGB' 41 1
2026-04-16 14:44:03,077 - DEBUG - STREAM b'IDAT' 54 8192
2026-04-16 14:44:03,095 - DEBUG - STREAM b'IHDR' 16 13
2026-04-16 14:44:03,095 - DEBUG - STREAM b'sRGB' 41 1
2026-04-16 14:44:03,097 - DEBUG - STREAM b'IDAT' 54 8192
2026-04-16 14:44:03,097 - DEBUG - STREAM b'IHDR' 16 13
2026-04-16 14:44:03,097 - DEBUG - STREAM b'sRGB' 41 1
2026-04-16 14:44:03,097 - DEBUG - STREAM b'IDAT' 54 8192
2026-04-16 14:44:03,117 - DEBUG - STREAM b'IHDR' 16 13
2026-04-16 14:44:03,117 - DEBUG - STREAM b'sRGB' 41 1
2026-04-16 14:44:03,117 - DEBUG - STREAM b'IDAT' 54 8192
2026-04-16 14:44:03,117 - DEBUG - STREAM b'IHDR' 16 13
2026-04-16 14:44:03,117 - DEBUG - STREAM b'sRGB' 41 1
2026-04-16 14:44:03,117 - DEBUG - STREAM b'IDAT' 54 8192
2026-04-16 14:44:03,132 - DEBUG - STREAM b'IHDR' 16 13
2026-04-16 14:44:03,132 - DEBUG - STREAM b'eXIf' 41 180
2026-04-16 14:44:03,132 - DEBUG - STREAM b'pHYs' 233 9
2026-04-16 14:44:03,132 - DEBUG - STREAM b'iTXt' 254 1383
2026-04-16 14:44:03,132 - DEBUG - STREAM b'IDAT' 1649 8192
2026-04-16 14:44:03,133 - DEBUG - STREAM b'IHDR' 16 13
2026-04-16 14:44:03,133 - DEBUG - STREAM b'eXIf' 41 180
2026-04-16 14:44:03,133 - DEBUG - STREAM b'pHYs' 233 9
2026-04-16 14:44:03,133 - DEBUG - STREAM b'iTXt' 254 1383
2026-04-16 14:44:03,133 - DEBUG - STREAM b'IDAT' 1649 8192
2026-04-16 14:44:04,198 - DEBUG - STREAM b'IHDR' 16 13
2026-04-16 14:44:04,198 - DEBUG - STREAM b'sRGB' 41 1
2026-04-16 14:44:04,200 - DEBUG - STREAM b'IDAT' 54 8192
2026-04-16 14:44:04,200 - DEBUG - STREAM b'IHDR' 16 13
2026-04-16 14:44:04,200 - DEBUG - STREAM b'sRGB' 41 1
2026-04-16 14:44:04,200 - DEBUG - STREAM b'IDAT' 54 8192
2026-04-16 14:44:04,214 - DEBUG - STREAM b'IHDR' 16 13
2026-04-16 14:44:04,215 - DEBUG - STREAM b'sRGB' 41 1
2026-04-16 14:44:04,215 - DEBUG - STREAM b'IDAT' 54 8192
2026-04-16 14:44:04,215 - DEBUG - STREAM b'IHDR' 16 13
2026-04-16 14:44:04,215 - DEBUG - STREAM b'sRGB' 41 1
2026-04-16 14:44:04,215 - DEBUG - STREAM b'IDAT' 54 8192
2026-04-16 14:44:04,244 - DEBUG - STREAM b'IHDR' 16 13
2026-04-16 14:44:04,244 - DEBUG - STREAM b'sRGB' 41 1
2026-04-16 14:44:04,244 - DEBUG - STREAM b'IDAT' 54 8192
2026-04-16 14:44:04,245 - DEBUG - STREAM b'IHDR' 16 13
2026-04-16 14:44:04,245 - DEBUG - STREAM b'sRGB' 41 1
2026-04-16 14:44:04,245 - DEBUG - STREAM b'IDAT' 54 8192
2026-04-16 14:44:04,267 - DEBUG - STREAM b'IHDR' 16 13
2026-04-16 14:44:04,268 - DEBUG - STREAM b'eXIf' 41 180
2026-04-16 14:44:04,268 - DEBUG - STREAM b'pHYs' 233 9
2026-04-16 14:44:04,270 - DEBUG - STREAM b'iTXt' 254 1383
2026-04-16 14:44:04,270 - DEBUG - STREAM b'IDAT' 1649 8192
2026-04-16 14:44:04,270 - DEBUG - STREAM b'IHDR' 16 13
2026-04-16 14:44:04,272 - DEBUG - STREAM b'eXIf' 41 180
2026-04-16 14:44:04,272 - DEBUG - STREAM b'pHYs' 233 9
2026-04-16 14:44:04,272 - DEBUG - STREAM b'iTXt' 254 1383
2026-04-16 14:44:04,272 - DEBUG - STREAM b'IDAT' 1649 8192
2026-04-16 14:44:14,052 - ERROR - Erro ao conciliar: 'NSU/DOC CREDISHOP'
Traceback (most recent call last):
  File "c:\users\yan.fernandes\appdata\local\programs\python\python38\lib\site-packages\pandas\core\indexes\base.py", line 3653, in get_loc
    return self._engine.get_loc(casted_key)
  File "pandas\_libs\index.pyx", line 147, in pandas._libs.index.IndexEngine.get_loc
  File "pandas\_libs\index.pyx", line 176, in pandas._libs.index.IndexEngine.get_loc
  File "pandas\_libs\hashtable_class_helper.pxi", line 7080, in pandas._libs.hashtable.PyObjectHashTable.get_item
  File "pandas\_libs\hashtable_class_helper.pxi", line 7088, in pandas._libs.hashtable.PyObjectHashTable.get_item
KeyError: 'NSU/DOC CREDISHOP'

The above exception was the direct cause of the following exception:

Traceback (most recent call last):
  File "c:\Users\yan.fernandes\Desktop\Conciliador DESENVOLVIMENTO\src\credshop.py", line 181, in conciliar_credshop_erp
    if pd.isna(row["NSU/DOC CREDISHOP"]):
  File "c:\users\yan.fernandes\appdata\local\programs\python\python38\lib\site-packages\pandas\core\series.py", line 1007, in __getitem__
    return self._get_value(key)
  File "c:\users\yan.fernandes\appdata\local\programs\python\python38\lib\site-packages\pandas\core\series.py", line 1116, in _get_value
    loc = self.index.get_loc(label)
  File "c:\users\yan.fernandes\appdata\local\programs\python\python38\lib\site-packages\pandas\core\indexes\base.py", line 3655, in get_loc
    raise KeyError(key) from err
KeyError: 'NSU/DOC CREDISHOP'
2026-04-16 14:44:44,962 - ERROR - Erro ao conciliar: 'NSU/DOC CREDISHOP'
Traceback (most recent call last):
  File "c:\users\yan.fernandes\appdata\local\programs\python\python38\lib\site-packages\pandas\core\indexes\base.py", line 3653, in get_loc
    return self._engine.get_loc(casted_key)
  File "pandas\_libs\index.pyx", line 147, in pandas._libs.index.IndexEngine.get_loc
  File "pandas\_libs\index.pyx", line 176, in pandas._libs.index.IndexEngine.get_loc
  File "pandas\_libs\hashtable_class_helper.pxi", line 7080, in pandas._libs.hashtable.PyObjectHashTable.get_item
  File "pandas\_libs\hashtable_class_helper.pxi", line 7088, in pandas._libs.hashtable.PyObjectHashTable.get_item
KeyError: 'NSU/DOC CREDISHOP'

The above exception was the direct cause of the following exception:

Traceback (most recent call last):
  File "c:\Users\yan.fernandes\Desktop\Conciliador DESENVOLVIMENTO\src\credshop.py", line 181, in conciliar_credshop_erp
    if pd.isna(row["NSU/DOC CREDISHOP"]):
  File "c:\users\yan.fernandes\appdata\local\programs\python\python38\lib\site-packages\pandas\core\series.py", line 1007, in __getitem__
    return self._get_value(key)
  File "c:\users\yan.fernandes\appdata\local\programs\python\python38\lib\site-packages\pandas\core\series.py", line 1116, in _get_value
    loc = self.index.get_loc(label)
  File "c:\users\yan.fernandes\appdata\local\programs\python\python38\lib\site-packages\pandas\core\indexes\base.py", line 3655, in get_loc
    raise KeyError(key) from err
KeyError: 'NSU/DOC CREDISHOP'
2026-04-16 14:44:48,417 - DEBUG - STREAM b'IHDR' 16 13
2026-04-16 14:44:48,421 - DEBUG - STREAM b'sRGB' 41 1
2026-04-16 14:44:48,421 - DEBUG - STREAM b'IDAT' 54 8192
2026-04-16 14:44:48,421 - DEBUG - STREAM b'IHDR' 16 13
2026-04-16 14:44:48,421 - DEBUG - STREAM b'sRGB' 41 1
2026-04-16 14:44:48,421 - DEBUG - STREAM b'IDAT' 54 8192
2026-04-16 14:44:48,447 - DEBUG - STREAM b'IHDR' 16 13
2026-04-16 14:44:48,448 - DEBUG - STREAM b'sRGB' 41 1
2026-04-16 14:44:48,448 - DEBUG - STREAM b'IDAT' 54 8192
2026-04-16 14:44:48,448 - DEBUG - STREAM b'IHDR' 16 13
2026-04-16 14:44:48,448 - DEBUG - STREAM b'sRGB' 41 1
2026-04-16 14:44:48,448 - DEBUG - STREAM b'IDAT' 54 8192
2026-04-16 14:44:48,476 - DEBUG - STREAM b'IHDR' 16 13
2026-04-16 14:44:48,476 - DEBUG - STREAM b'sRGB' 41 1
2026-04-16 14:44:48,476 - DEBUG - STREAM b'IDAT' 54 8192
2026-04-16 14:44:48,476 - DEBUG - STREAM b'IHDR' 16 13
2026-04-16 14:44:48,476 - DEBUG - STREAM b'sRGB' 41 1
2026-04-16 14:44:48,477 - DEBUG - STREAM b'IDAT' 54 8192
2026-04-16 14:44:48,519 - DEBUG - STREAM b'IHDR' 16 13
2026-04-16 14:44:48,520 - DEBUG - STREAM b'eXIf' 41 180
2026-04-16 14:44:48,521 - DEBUG - STREAM b'pHYs' 233 9
2026-04-16 14:44:48,522 - DEBUG - STREAM b'iTXt' 254 1383
2026-04-16 14:44:48,526 - DEBUG - STREAM b'IDAT' 1649 8192
2026-04-16 14:44:48,545 - DEBUG - STREAM b'IHDR' 16 13
2026-04-16 14:44:48,547 - DEBUG - STREAM b'eXIf' 41 180
2026-04-16 14:44:48,547 - DEBUG - STREAM b'pHYs' 233 9
2026-04-16 14:44:48,548 - DEBUG - STREAM b'iTXt' 254 1383
2026-04-16 14:44:48,549 - DEBUG - STREAM b'IDAT' 1649 8192
2026-04-16 14:44:49,863 - DEBUG - STREAM b'IHDR' 16 13
2026-04-16 14:44:49,863 - DEBUG - STREAM b'sRGB' 41 1
2026-04-16 14:44:49,864 - DEBUG - STREAM b'IDAT' 54 8192
2026-04-16 14:44:49,864 - DEBUG - STREAM b'IHDR' 16 13
2026-04-16 14:44:49,865 - DEBUG - STREAM b'sRGB' 41 1
2026-04-16 14:44:49,865 - DEBUG - STREAM b'IDAT' 54 8192
2026-04-16 14:44:49,900 - DEBUG - STREAM b'IHDR' 16 13
2026-04-16 14:44:49,900 - DEBUG - STREAM b'sRGB' 41 1
2026-04-16 14:44:49,900 - DEBUG - STREAM b'IDAT' 54 8192
2026-04-16 14:44:49,900 - DEBUG - STREAM b'IHDR' 16 13
2026-04-16 14:44:49,906 - DEBUG - STREAM b'sRGB' 41 1
2026-04-16 14:44:49,907 - DEBUG - STREAM b'IDAT' 54 8192
2026-04-16 14:44:49,935 - DEBUG - STREAM b'IHDR' 16 13
2026-04-16 14:44:49,935 - DEBUG - STREAM b'sRGB' 41 1
2026-04-16 14:44:49,935 - DEBUG - STREAM b'IDAT' 54 8192
2026-04-16 14:44:49,937 - DEBUG - STREAM b'IHDR' 16 13
2026-04-16 14:44:49,937 - DEBUG - STREAM b'sRGB' 41 1
2026-04-16 14:44:49,937 - DEBUG - STREAM b'IDAT' 54 8192
2026-04-16 14:44:49,951 - DEBUG - STREAM b'IHDR' 16 13
2026-04-16 14:44:49,951 - DEBUG - STREAM b'eXIf' 41 180
2026-04-16 14:44:49,951 - DEBUG - STREAM b'pHYs' 233 9
2026-04-16 14:44:49,951 - DEBUG - STREAM b'iTXt' 254 1383
2026-04-16 14:44:49,951 - DEBUG - STREAM b'IDAT' 1649 8192
2026-04-16 14:44:49,951 - DEBUG - STREAM b'IHDR' 16 13
2026-04-16 14:44:49,951 - DEBUG - STREAM b'eXIf' 41 180
2026-04-16 14:44:49,952 - DEBUG - STREAM b'pHYs' 233 9
2026-04-16 14:44:49,952 - DEBUG - STREAM b'iTXt' 254 1383
2026-04-16 14:44:49,952 - DEBUG - STREAM b'IDAT' 1649 8192
2026-04-16 14:44:55,276 - ERROR - Erro ao conciliar: 'NSU/DOC CREDISHOP'
Traceback (most recent call last):
  File "c:\users\yan.fernandes\appdata\local\programs\python\python38\lib\site-packages\pandas\core\indexes\base.py", line 3653, in get_loc
    return self._engine.get_loc(casted_key)
  File "pandas\_libs\index.pyx", line 147, in pandas._libs.index.IndexEngine.get_loc
  File "pandas\_libs\index.pyx", line 176, in pandas._libs.index.IndexEngine.get_loc
  File "pandas\_libs\hashtable_class_helper.pxi", line 7080, in pandas._libs.hashtable.PyObjectHashTable.get_item
  File "pandas\_libs\hashtable_class_helper.pxi", line 7088, in pandas._libs.hashtable.PyObjectHashTable.get_item
KeyError: 'NSU/DOC CREDISHOP'

The above exception was the direct cause of the following exception:

Traceback (most recent call last):
  File "c:\Users\yan.fernandes\Desktop\Conciliador DESENVOLVIMENTO\src\credshop.py", line 181, in conciliar_credshop_erp
    if pd.isna(row["NSU/DOC CREDISHOP"]):
  File "c:\users\yan.fernandes\appdata\local\programs\python\python38\lib\site-packages\pandas\core\series.py", line 1007, in __getitem__
    return self._get_value(key)
  File "c:\users\yan.fernandes\appdata\local\programs\python\python38\lib\site-packages\pandas\core\series.py", line 1116, in _get_value
    loc = self.index.get_loc(label)
  File "c:\users\yan.fernandes\appdata\local\programs\python\python38\lib\site-packages\pandas\core\indexes\base.py", line 3655, in get_loc
    raise KeyError(key) from err
KeyError: 'NSU/DOC CREDISHOP'
2026-04-16 14:47:09,707 - DEBUG - STREAM b'IHDR' 16 13
2026-04-16 14:47:09,707 - DEBUG - STREAM b'sRGB' 41 1
2026-04-16 14:47:09,707 - DEBUG - STREAM b'IDAT' 54 8192
2026-04-16 14:47:09,707 - DEBUG - STREAM b'IHDR' 16 13
2026-04-16 14:47:09,707 - DEBUG - STREAM b'sRGB' 41 1
2026-04-16 14:47:09,708 - DEBUG - STREAM b'IDAT' 54 8192
2026-04-16 14:47:09,721 - DEBUG - STREAM b'IHDR' 16 13
2026-04-16 14:47:09,721 - DEBUG - STREAM b'sRGB' 41 1
2026-04-16 14:47:09,721 - DEBUG - STREAM b'IDAT' 54 8192
2026-04-16 14:47:09,721 - DEBUG - STREAM b'IHDR' 16 13
2026-04-16 14:47:09,721 - DEBUG - STREAM b'sRGB' 41 1
2026-04-16 14:47:09,721 - DEBUG - STREAM b'IDAT' 54 8192
2026-04-16 14:47:09,741 - DEBUG - STREAM b'IHDR' 16 13
2026-04-16 14:47:09,741 - DEBUG - STREAM b'sRGB' 41 1
2026-04-16 14:47:09,741 - DEBUG - STREAM b'IDAT' 54 8192
2026-04-16 14:47:09,742 - DEBUG - STREAM b'IHDR' 16 13
2026-04-16 14:47:09,742 - DEBUG - STREAM b'sRGB' 41 1
2026-04-16 14:47:09,742 - DEBUG - STREAM b'IDAT' 54 8192
2026-04-16 14:47:09,756 - DEBUG - STREAM b'IHDR' 16 13
2026-04-16 14:47:09,756 - DEBUG - STREAM b'eXIf' 41 180
2026-04-16 14:47:09,757 - DEBUG - STREAM b'pHYs' 233 9
2026-04-16 14:47:09,757 - DEBUG - STREAM b'iTXt' 254 1383
2026-04-16 14:47:09,759 - DEBUG - STREAM b'IDAT' 1649 8192
2026-04-16 14:47:09,759 - DEBUG - STREAM b'IHDR' 16 13
2026-04-16 14:47:09,759 - DEBUG - STREAM b'eXIf' 41 180
2026-04-16 14:47:09,759 - DEBUG - STREAM b'pHYs' 233 9
2026-04-16 14:47:09,759 - DEBUG - STREAM b'iTXt' 254 1383
2026-04-16 14:47:09,759 - DEBUG - STREAM b'IDAT' 1649 8192
2026-04-16 14:49:56,003 - DEBUG - STREAM b'IHDR' 16 13
2026-04-16 14:49:56,003 - DEBUG - STREAM b'sRGB' 41 1
2026-04-16 14:49:56,004 - DEBUG - STREAM b'IDAT' 54 8192
2026-04-16 14:49:56,005 - DEBUG - STREAM b'IHDR' 16 13
2026-04-16 14:49:56,006 - DEBUG - STREAM b'sRGB' 41 1
2026-04-16 14:49:56,006 - DEBUG - STREAM b'IDAT' 54 8192
2026-04-16 14:49:56,022 - DEBUG - STREAM b'IHDR' 16 13
2026-04-16 14:49:56,023 - DEBUG - STREAM b'sRGB' 41 1
2026-04-16 14:49:56,023 - DEBUG - STREAM b'IDAT' 54 8192
2026-04-16 14:49:56,023 - DEBUG - STREAM b'IHDR' 16 13
2026-04-16 14:49:56,024 - DEBUG - STREAM b'sRGB' 41 1
2026-04-16 14:49:56,024 - DEBUG - STREAM b'IDAT' 54 8192
2026-04-16 14:49:56,057 - DEBUG - STREAM b'IHDR' 16 13
2026-04-16 14:49:56,057 - DEBUG - STREAM b'sRGB' 41 1
2026-04-16 14:49:56,057 - DEBUG - STREAM b'IDAT' 54 8192
2026-04-16 14:49:56,057 - DEBUG - STREAM b'IHDR' 16 13
2026-04-16 14:49:56,057 - DEBUG - STREAM b'sRGB' 41 1
2026-04-16 14:49:56,058 - DEBUG - STREAM b'IDAT' 54 8192
2026-04-16 14:49:56,093 - DEBUG - STREAM b'IHDR' 16 13
2026-04-16 14:49:56,093 - DEBUG - STREAM b'eXIf' 41 180
2026-04-16 14:49:56,093 - DEBUG - STREAM b'pHYs' 233 9
2026-04-16 14:49:56,094 - DEBUG - STREAM b'iTXt' 254 1383
2026-04-16 14:49:56,094 - DEBUG - STREAM b'IDAT' 1649 8192
2026-04-16 14:49:56,094 - DEBUG - STREAM b'IHDR' 16 13
2026-04-16 14:49:56,094 - DEBUG - STREAM b'eXIf' 41 180
2026-04-16 14:49:56,094 - DEBUG - STREAM b'pHYs' 233 9
2026-04-16 14:49:56,094 - DEBUG - STREAM b'iTXt' 254 1383
2026-04-16 14:49:56,094 - DEBUG - STREAM b'IDAT' 1649 8192
2026-04-16 14:49:57,653 - DEBUG - STREAM b'IHDR' 16 13
2026-04-16 14:49:57,653 - DEBUG - STREAM b'sRGB' 41 1
2026-04-16 14:49:57,653 - DEBUG - STREAM b'IDAT' 54 8192
2026-04-16 14:49:57,655 - DEBUG - STREAM b'IHDR' 16 13
2026-04-16 14:49:57,655 - DEBUG - STREAM b'sRGB' 41 1
2026-04-16 14:49:57,655 - DEBUG - STREAM b'IDAT' 54 8192
2026-04-16 14:49:57,674 - DEBUG - STREAM b'IHDR' 16 13
2026-04-16 14:49:57,674 - DEBUG - STREAM b'sRGB' 41 1
2026-04-16 14:49:57,674 - DEBUG - STREAM b'IDAT' 54 8192
2026-04-16 14:49:57,674 - DEBUG - STREAM b'IHDR' 16 13
2026-04-16 14:49:57,674 - DEBUG - STREAM b'sRGB' 41 1
2026-04-16 14:49:57,676 - DEBUG - STREAM b'IDAT' 54 8192
2026-04-16 14:49:57,702 - DEBUG - STREAM b'IHDR' 16 13
2026-04-16 14:49:57,703 - DEBUG - STREAM b'sRGB' 41 1
2026-04-16 14:49:57,703 - DEBUG - STREAM b'IDAT' 54 8192
2026-04-16 14:49:57,703 - DEBUG - STREAM b'IHDR' 16 13
2026-04-16 14:49:57,703 - DEBUG - STREAM b'sRGB' 41 1
2026-04-16 14:49:57,703 - DEBUG - STREAM b'IDAT' 54 8192
2026-04-16 14:49:57,730 - DEBUG - STREAM b'IHDR' 16 13
2026-04-16 14:49:57,731 - DEBUG - STREAM b'eXIf' 41 180
2026-04-16 14:49:57,731 - DEBUG - STREAM b'pHYs' 233 9
2026-04-16 14:49:57,731 - DEBUG - STREAM b'iTXt' 254 1383
2026-04-16 14:49:57,731 - DEBUG - STREAM b'IDAT' 1649 8192
2026-04-16 14:49:57,731 - DEBUG - STREAM b'IHDR' 16 13
2026-04-16 14:49:57,731 - DEBUG - STREAM b'eXIf' 41 180
2026-04-16 14:49:57,731 - DEBUG - STREAM b'pHYs' 233 9
2026-04-16 14:49:57,732 - DEBUG - STREAM b'iTXt' 254 1383
2026-04-16 14:49:57,732 - DEBUG - STREAM b'IDAT' 1649 8192
2026-04-16 14:50:02,051 - DEBUG - STREAM b'IHDR' 16 13
2026-04-16 14:50:02,051 - DEBUG - STREAM b'sRGB' 41 1
2026-04-16 14:50:02,052 - DEBUG - STREAM b'IDAT' 54 8192
2026-04-16 14:50:02,052 - DEBUG - STREAM b'IHDR' 16 13
2026-04-16 14:50:02,052 - DEBUG - STREAM b'sRGB' 41 1
2026-04-16 14:50:02,053 - DEBUG - STREAM b'IDAT' 54 8192
2026-04-16 14:50:02,070 - DEBUG - STREAM b'IHDR' 16 13
2026-04-16 14:50:02,070 - DEBUG - STREAM b'sRGB' 41 1
2026-04-16 14:50:02,070 - DEBUG - STREAM b'IDAT' 54 8192
2026-04-16 14:50:02,070 - DEBUG - STREAM b'IHDR' 16 13
2026-04-16 14:50:02,071 - DEBUG - STREAM b'sRGB' 41 1
2026-04-16 14:50:02,071 - DEBUG - STREAM b'IDAT' 54 8192
2026-04-16 14:50:02,090 - DEBUG - STREAM b'IHDR' 16 13
2026-04-16 14:50:02,090 - DEBUG - STREAM b'sRGB' 41 1
2026-04-16 14:50:02,090 - DEBUG - STREAM b'IDAT' 54 8192
2026-04-16 14:50:02,090 - DEBUG - STREAM b'IHDR' 16 13
2026-04-16 14:50:02,090 - DEBUG - STREAM b'sRGB' 41 1
2026-04-16 14:50:02,090 - DEBUG - STREAM b'IDAT' 54 8192
2026-04-16 14:50:02,114 - DEBUG - STREAM b'IHDR' 16 13
2026-04-16 14:50:02,117 - DEBUG - STREAM b'eXIf' 41 180
2026-04-16 14:50:02,117 - DEBUG - STREAM b'pHYs' 233 9
2026-04-16 14:50:02,117 - DEBUG - STREAM b'iTXt' 254 1383
2026-04-16 14:50:02,117 - DEBUG - STREAM b'IDAT' 1649 8192
2026-04-16 14:50:02,118 - DEBUG - STREAM b'IHDR' 16 13
2026-04-16 14:50:02,118 - DEBUG - STREAM b'eXIf' 41 180
2026-04-16 14:50:02,118 - DEBUG - STREAM b'pHYs' 233 9
2026-04-16 14:50:02,118 - DEBUG - STREAM b'iTXt' 254 1383
2026-04-16 14:50:02,118 - DEBUG - STREAM b'IDAT' 1649 8192
2026-04-16 14:50:03,510 - DEBUG - STREAM b'IHDR' 16 13
2026-04-16 14:50:03,510 - DEBUG - STREAM b'sRGB' 41 1
2026-04-16 14:50:03,511 - DEBUG - STREAM b'IDAT' 54 8192
2026-04-16 14:50:03,511 - DEBUG - STREAM b'IHDR' 16 13
2026-04-16 14:50:03,512 - DEBUG - STREAM b'sRGB' 41 1
2026-04-16 14:50:03,515 - DEBUG - STREAM b'IDAT' 54 8192
2026-04-16 14:50:03,534 - DEBUG - STREAM b'IHDR' 16 13
2026-04-16 14:50:03,535 - DEBUG - STREAM b'sRGB' 41 1
2026-04-16 14:50:03,535 - DEBUG - STREAM b'IDAT' 54 8192
2026-04-16 14:50:03,535 - DEBUG - STREAM b'IHDR' 16 13
2026-04-16 14:50:03,535 - DEBUG - STREAM b'sRGB' 41 1
2026-04-16 14:50:03,535 - DEBUG - STREAM b'IDAT' 54 8192
2026-04-16 14:50:03,575 - DEBUG - STREAM b'IHDR' 16 13
2026-04-16 14:50:03,575 - DEBUG - STREAM b'sRGB' 41 1
2026-04-16 14:50:03,575 - DEBUG - STREAM b'IDAT' 54 8192
2026-04-16 14:50:03,575 - DEBUG - STREAM b'IHDR' 16 13
2026-04-16 14:50:03,576 - DEBUG - STREAM b'sRGB' 41 1
2026-04-16 14:50:03,576 - DEBUG - STREAM b'IDAT' 54 8192
2026-04-16 14:50:03,590 - DEBUG - STREAM b'IHDR' 16 13
2026-04-16 14:50:03,590 - DEBUG - STREAM b'eXIf' 41 180
2026-04-16 14:50:03,590 - DEBUG - STREAM b'pHYs' 233 9
2026-04-16 14:50:03,590 - DEBUG - STREAM b'iTXt' 254 1383
2026-04-16 14:50:03,591 - DEBUG - STREAM b'IDAT' 1649 8192
2026-04-16 14:50:03,591 - DEBUG - STREAM b'IHDR' 16 13
2026-04-16 14:50:03,592 - DEBUG - STREAM b'eXIf' 41 180
2026-04-16 14:50:03,592 - DEBUG - STREAM b'pHYs' 233 9
2026-04-16 14:50:03,592 - DEBUG - STREAM b'iTXt' 254 1383
2026-04-16 14:50:03,592 - DEBUG - STREAM b'IDAT' 1649 8192
2026-04-16 14:51:48,202 - DEBUG - STREAM b'IHDR' 16 13
2026-04-16 14:51:48,202 - DEBUG - STREAM b'sRGB' 41 1
2026-04-16 14:51:48,206 - DEBUG - STREAM b'IDAT' 54 8192
2026-04-16 14:51:48,206 - DEBUG - STREAM b'IHDR' 16 13
2026-04-16 14:51:48,208 - DEBUG - STREAM b'sRGB' 41 1
2026-04-16 14:51:48,208 - DEBUG - STREAM b'IDAT' 54 8192
2026-04-16 14:51:48,232 - DEBUG - STREAM b'IHDR' 16 13
2026-04-16 14:51:48,233 - DEBUG - STREAM b'sRGB' 41 1
2026-04-16 14:51:48,234 - DEBUG - STREAM b'IDAT' 54 8192
2026-04-16 14:51:48,235 - DEBUG - STREAM b'IHDR' 16 13
2026-04-16 14:51:48,236 - DEBUG - STREAM b'sRGB' 41 1
2026-04-16 14:51:48,237 - DEBUG - STREAM b'IDAT' 54 8192
2026-04-16 14:51:48,255 - DEBUG - STREAM b'IHDR' 16 13
2026-04-16 14:51:48,257 - DEBUG - STREAM b'sRGB' 41 1
2026-04-16 14:51:48,259 - DEBUG - STREAM b'IDAT' 54 8192
2026-04-16 14:51:48,260 - DEBUG - STREAM b'IHDR' 16 13
2026-04-16 14:51:48,260 - DEBUG - STREAM b'sRGB' 41 1
2026-04-16 14:51:48,260 - DEBUG - STREAM b'IDAT' 54 8192
2026-04-16 14:51:48,286 - DEBUG - STREAM b'IHDR' 16 13
2026-04-16 14:51:48,286 - DEBUG - STREAM b'eXIf' 41 180
2026-04-16 14:51:48,286 - DEBUG - STREAM b'pHYs' 233 9
2026-04-16 14:51:48,289 - DEBUG - STREAM b'iTXt' 254 1383
2026-04-16 14:51:48,289 - DEBUG - STREAM b'IDAT' 1649 8192
2026-04-16 14:51:48,290 - DEBUG - STREAM b'IHDR' 16 13
2026-04-16 14:51:48,290 - DEBUG - STREAM b'eXIf' 41 180
2026-04-16 14:51:48,291 - DEBUG - STREAM b'pHYs' 233 9
2026-04-16 14:51:48,291 - DEBUG - STREAM b'iTXt' 254 1383
2026-04-16 14:51:48,291 - DEBUG - STREAM b'IDAT' 1649 8192
2026-04-16 14:51:50,020 - DEBUG - STREAM b'IHDR' 16 13
2026-04-16 14:51:50,020 - DEBUG - STREAM b'sRGB' 41 1
2026-04-16 14:51:50,024 - DEBUG - STREAM b'IDAT' 54 8192
2026-04-16 14:51:50,024 - DEBUG - STREAM b'IHDR' 16 13
2026-04-16 14:51:50,026 - DEBUG - STREAM b'sRGB' 41 1
2026-04-16 14:51:50,026 - DEBUG - STREAM b'IDAT' 54 8192
2026-04-16 14:51:50,077 - DEBUG - STREAM b'IHDR' 16 13
2026-04-16 14:51:50,077 - DEBUG - STREAM b'sRGB' 41 1
2026-04-16 14:51:50,077 - DEBUG - STREAM b'IDAT' 54 8192
2026-04-16 14:51:50,078 - DEBUG - STREAM b'IHDR' 16 13
2026-04-16 14:51:50,078 - DEBUG - STREAM b'sRGB' 41 1
2026-04-16 14:51:50,078 - DEBUG - STREAM b'IDAT' 54 8192
2026-04-16 14:51:50,098 - DEBUG - STREAM b'IHDR' 16 13
2026-04-16 14:51:50,098 - DEBUG - STREAM b'sRGB' 41 1
2026-04-16 14:51:50,099 - DEBUG - STREAM b'IDAT' 54 8192
2026-04-16 14:51:50,099 - DEBUG - STREAM b'IHDR' 16 13
2026-04-16 14:51:50,099 - DEBUG - STREAM b'sRGB' 41 1
2026-04-16 14:51:50,099 - DEBUG - STREAM b'IDAT' 54 8192
2026-04-16 14:51:50,116 - DEBUG - STREAM b'IHDR' 16 13
2026-04-16 14:51:50,116 - DEBUG - STREAM b'eXIf' 41 180
2026-04-16 14:51:50,116 - DEBUG - STREAM b'pHYs' 233 9
2026-04-16 14:51:50,116 - DEBUG - STREAM b'iTXt' 254 1383
2026-04-16 14:51:50,116 - DEBUG - STREAM b'IDAT' 1649 8192
2026-04-16 14:51:50,116 - DEBUG - STREAM b'IHDR' 16 13
2026-04-16 14:51:50,116 - DEBUG - STREAM b'eXIf' 41 180
2026-04-16 14:51:50,116 - DEBUG - STREAM b'pHYs' 233 9
2026-04-16 14:51:50,117 - DEBUG - STREAM b'iTXt' 254 1383
2026-04-16 14:51:50,117 - DEBUG - STREAM b'IDAT' 1649 8192
2026-04-16 15:33:58,597 - DEBUG - STREAM b'IHDR' 16 13
2026-04-16 15:33:58,597 - DEBUG - STREAM b'sRGB' 41 1
2026-04-16 15:33:58,597 - DEBUG - STREAM b'IDAT' 54 8192
2026-04-16 15:33:58,597 - DEBUG - STREAM b'IHDR' 16 13
2026-04-16 15:33:58,597 - DEBUG - STREAM b'sRGB' 41 1
2026-04-16 15:33:58,597 - DEBUG - STREAM b'IDAT' 54 8192
2026-04-16 15:33:58,615 - DEBUG - STREAM b'IHDR' 16 13
2026-04-16 15:33:58,615 - DEBUG - STREAM b'sRGB' 41 1
2026-04-16 15:33:58,615 - DEBUG - STREAM b'IDAT' 54 8192
2026-04-16 15:33:58,616 - DEBUG - STREAM b'IHDR' 16 13
2026-04-16 15:33:58,616 - DEBUG - STREAM b'sRGB' 41 1
2026-04-16 15:33:58,616 - DEBUG - STREAM b'IDAT' 54 8192
2026-04-16 15:33:58,631 - DEBUG - STREAM b'IHDR' 16 13
2026-04-16 15:33:58,631 - DEBUG - STREAM b'sRGB' 41 1
2026-04-16 15:33:58,631 - DEBUG - STREAM b'IDAT' 54 8192
2026-04-16 15:33:58,631 - DEBUG - STREAM b'IHDR' 16 13
2026-04-16 15:33:58,631 - DEBUG - STREAM b'sRGB' 41 1
2026-04-16 15:33:58,631 - DEBUG - STREAM b'IDAT' 54 8192
2026-04-16 15:33:58,644 - DEBUG - STREAM b'IHDR' 16 13
2026-04-16 15:33:58,644 - DEBUG - STREAM b'eXIf' 41 180
2026-04-16 15:33:58,644 - DEBUG - STREAM b'pHYs' 233 9
2026-04-16 15:33:58,645 - DEBUG - STREAM b'iTXt' 254 1383
2026-04-16 15:33:58,645 - DEBUG - STREAM b'IDAT' 1649 8192
2026-04-16 15:33:58,645 - DEBUG - STREAM b'IHDR' 16 13
2026-04-16 15:33:58,645 - DEBUG - STREAM b'eXIf' 41 180
2026-04-16 15:33:58,646 - DEBUG - STREAM b'pHYs' 233 9
2026-04-16 15:33:58,646 - DEBUG - STREAM b'iTXt' 254 1383
2026-04-16 15:33:58,646 - DEBUG - STREAM b'IDAT' 1649 8192
2026-04-16 15:34:00,618 - DEBUG - STREAM b'IHDR' 16 13
2026-04-16 15:34:00,618 - DEBUG - STREAM b'sRGB' 41 1
2026-04-16 15:34:00,619 - DEBUG - STREAM b'IDAT' 54 8192
2026-04-16 15:34:00,619 - DEBUG - STREAM b'IHDR' 16 13
2026-04-16 15:34:00,619 - DEBUG - STREAM b'sRGB' 41 1
2026-04-16 15:34:00,620 - DEBUG - STREAM b'IDAT' 54 8192
2026-04-16 15:34:00,630 - DEBUG - STREAM b'IHDR' 16 13
2026-04-16 15:34:00,631 - DEBUG - STREAM b'sRGB' 41 1
2026-04-16 15:34:00,631 - DEBUG - STREAM b'IDAT' 54 8192
2026-04-16 15:34:00,631 - DEBUG - STREAM b'IHDR' 16 13
2026-04-16 15:34:00,631 - DEBUG - STREAM b'sRGB' 41 1
2026-04-16 15:34:00,631 - DEBUG - STREAM b'IDAT' 54 8192
2026-04-16 15:34:00,643 - DEBUG - STREAM b'IHDR' 16 13
2026-04-16 15:34:00,644 - DEBUG - STREAM b'sRGB' 41 1
2026-04-16 15:34:00,644 - DEBUG - STREAM b'IDAT' 54 8192
2026-04-16 15:34:00,644 - DEBUG - STREAM b'IHDR' 16 13
2026-04-16 15:34:00,644 - DEBUG - STREAM b'sRGB' 41 1
2026-04-16 15:34:00,644 - DEBUG - STREAM b'IDAT' 54 8192
2026-04-16 15:34:00,656 - DEBUG - STREAM b'IHDR' 16 13
2026-04-16 15:34:00,656 - DEBUG - STREAM b'eXIf' 41 180
2026-04-16 15:34:00,657 - DEBUG - STREAM b'pHYs' 233 9
2026-04-16 15:34:00,658 - DEBUG - STREAM b'iTXt' 254 1383
2026-04-16 15:34:00,658 - DEBUG - STREAM b'IDAT' 1649 8192
2026-04-16 15:34:00,658 - DEBUG - STREAM b'IHDR' 16 13
2026-04-16 15:34:00,658 - DEBUG - STREAM b'eXIf' 41 180
2026-04-16 15:34:00,658 - DEBUG - STREAM b'pHYs' 233 9
2026-04-16 15:34:00,658 - DEBUG - STREAM b'iTXt' 254 1383
2026-04-16 15:34:00,658 - DEBUG - STREAM b'IDAT' 1649 8192
2026-04-16 15:46:38,529 - DEBUG - STREAM b'IHDR' 16 13
2026-04-16 15:46:38,531 - DEBUG - STREAM b'sRGB' 41 1
2026-04-16 15:46:38,531 - DEBUG - STREAM b'IDAT' 54 8192
2026-04-16 15:46:38,531 - DEBUG - STREAM b'IHDR' 16 13
2026-04-16 15:46:38,531 - DEBUG - STREAM b'sRGB' 41 1
2026-04-16 15:46:38,531 - DEBUG - STREAM b'IDAT' 54 8192
2026-04-16 15:46:38,547 - DEBUG - STREAM b'IHDR' 16 13
2026-04-16 15:46:38,547 - DEBUG - STREAM b'sRGB' 41 1
2026-04-16 15:46:38,547 - DEBUG - STREAM b'IDAT' 54 8192
2026-04-16 15:46:38,547 - DEBUG - STREAM b'IHDR' 16 13
2026-04-16 15:46:38,547 - DEBUG - STREAM b'sRGB' 41 1
2026-04-16 15:46:38,547 - DEBUG - STREAM b'IDAT' 54 8192
2026-04-16 15:46:38,560 - DEBUG - STREAM b'IHDR' 16 13
2026-04-16 15:46:38,560 - DEBUG - STREAM b'sRGB' 41 1
2026-04-16 15:46:38,560 - DEBUG - STREAM b'IDAT' 54 8192
2026-04-16 15:46:38,561 - DEBUG - STREAM b'IHDR' 16 13
2026-04-16 15:46:38,561 - DEBUG - STREAM b'sRGB' 41 1
2026-04-16 15:46:38,561 - DEBUG - STREAM b'IDAT' 54 8192
2026-04-16 15:46:38,582 - DEBUG - STREAM b'IHDR' 16 13
2026-04-16 15:46:38,582 - DEBUG - STREAM b'eXIf' 41 180
2026-04-16 15:46:38,582 - DEBUG - STREAM b'pHYs' 233 9
2026-04-16 15:46:38,582 - DEBUG - STREAM b'iTXt' 254 1383
2026-04-16 15:46:38,582 - DEBUG - STREAM b'IDAT' 1649 8192
2026-04-16 15:46:38,583 - DEBUG - STREAM b'IHDR' 16 13
2026-04-16 15:46:38,583 - DEBUG - STREAM b'eXIf' 41 180
2026-04-16 15:46:38,583 - DEBUG - STREAM b'pHYs' 233 9
2026-04-16 15:46:38,584 - DEBUG - STREAM b'iTXt' 254 1383
2026-04-16 15:46:38,584 - DEBUG - STREAM b'IDAT' 1649 8192
2026-04-16 15:47:06,093 - DEBUG - STREAM b'IHDR' 16 13
2026-04-16 15:47:06,094 - DEBUG - STREAM b'sRGB' 41 1
2026-04-16 15:47:06,094 - DEBUG - STREAM b'IDAT' 54 8192
2026-04-16 15:47:06,094 - DEBUG - STREAM b'IHDR' 16 13
2026-04-16 15:47:06,094 - DEBUG - STREAM b'sRGB' 41 1
2026-04-16 15:47:06,094 - DEBUG - STREAM b'IDAT' 54 8192
2026-04-16 15:47:06,105 - DEBUG - STREAM b'IHDR' 16 13
2026-04-16 15:47:06,105 - DEBUG - STREAM b'sRGB' 41 1
2026-04-16 15:47:06,107 - DEBUG - STREAM b'IDAT' 54 8192
2026-04-16 15:47:06,108 - DEBUG - STREAM b'IHDR' 16 13
2026-04-16 15:47:06,108 - DEBUG - STREAM b'sRGB' 41 1
2026-04-16 15:47:06,108 - DEBUG - STREAM b'IDAT' 54 8192
2026-04-16 15:47:06,123 - DEBUG - STREAM b'IHDR' 16 13
2026-04-16 15:47:06,123 - DEBUG - STREAM b'sRGB' 41 1
2026-04-16 15:47:06,124 - DEBUG - STREAM b'IDAT' 54 8192
2026-04-16 15:47:06,125 - DEBUG - STREAM b'IHDR' 16 13
2026-04-16 15:47:06,125 - DEBUG - STREAM b'sRGB' 41 1
2026-04-16 15:47:06,125 - DEBUG - STREAM b'IDAT' 54 8192
2026-04-16 15:47:06,139 - DEBUG - STREAM b'IHDR' 16 13
2026-04-16 15:47:06,139 - DEBUG - STREAM b'eXIf' 41 180
2026-04-16 15:47:06,139 - DEBUG - STREAM b'pHYs' 233 9
2026-04-16 15:47:06,141 - DEBUG - STREAM b'iTXt' 254 1383
2026-04-16 15:47:06,141 - DEBUG - STREAM b'IDAT' 1649 8192
2026-04-16 15:47:06,142 - DEBUG - STREAM b'IHDR' 16 13
2026-04-16 15:47:06,142 - DEBUG - STREAM b'eXIf' 41 180
2026-04-16 15:47:06,142 - DEBUG - STREAM b'pHYs' 233 9
2026-04-16 15:47:06,142 - DEBUG - STREAM b'iTXt' 254 1383
2026-04-16 15:47:06,142 - DEBUG - STREAM b'IDAT' 1649 8192
2026-04-16 15:47:07,587 - DEBUG - STREAM b'IHDR' 16 13
2026-04-16 15:47:07,587 - DEBUG - STREAM b'sRGB' 41 1
2026-04-16 15:47:07,588 - DEBUG - STREAM b'IDAT' 54 8192
2026-04-16 15:47:07,588 - DEBUG - STREAM b'IHDR' 16 13
2026-04-16 15:47:07,588 - DEBUG - STREAM b'sRGB' 41 1
2026-04-16 15:47:07,588 - DEBUG - STREAM b'IDAT' 54 8192
2026-04-16 15:47:07,608 - DEBUG - STREAM b'IHDR' 16 13
2026-04-16 15:47:07,609 - DEBUG - STREAM b'sRGB' 41 1
2026-04-16 15:47:07,609 - DEBUG - STREAM b'IDAT' 54 8192
2026-04-16 15:47:07,609 - DEBUG - STREAM b'IHDR' 16 13
2026-04-16 15:47:07,609 - DEBUG - STREAM b'sRGB' 41 1
2026-04-16 15:47:07,609 - DEBUG - STREAM b'IDAT' 54 8192
2026-04-16 15:47:07,622 - DEBUG - STREAM b'IHDR' 16 13
2026-04-16 15:47:07,622 - DEBUG - STREAM b'sRGB' 41 1
2026-04-16 15:47:07,623 - DEBUG - STREAM b'IDAT' 54 8192
2026-04-16 15:47:07,623 - DEBUG - STREAM b'IHDR' 16 13
2026-04-16 15:47:07,624 - DEBUG - STREAM b'sRGB' 41 1
2026-04-16 15:47:07,624 - DEBUG - STREAM b'IDAT' 54 8192
2026-04-16 15:47:07,638 - DEBUG - STREAM b'IHDR' 16 13
2026-04-16 15:47:07,638 - DEBUG - STREAM b'eXIf' 41 180
2026-04-16 15:47:07,638 - DEBUG - STREAM b'pHYs' 233 9
2026-04-16 15:47:07,639 - DEBUG - STREAM b'iTXt' 254 1383
2026-04-16 15:47:07,639 - DEBUG - STREAM b'IDAT' 1649 8192
2026-04-16 15:47:07,639 - DEBUG - STREAM b'IHDR' 16 13
2026-04-16 15:47:07,639 - DEBUG - STREAM b'eXIf' 41 180
2026-04-16 15:47:07,639 - DEBUG - STREAM b'pHYs' 233 9
2026-04-16 15:47:07,639 - DEBUG - STREAM b'iTXt' 254 1383
2026-04-16 15:47:07,640 - DEBUG - STREAM b'IDAT' 1649 8192
2026-04-16 15:47:13,287 - DEBUG - STREAM b'IHDR' 16 13
2026-04-16 15:47:13,288 - DEBUG - STREAM b'sRGB' 41 1
2026-04-16 15:47:13,289 - DEBUG - STREAM b'IDAT' 54 8192
2026-04-16 15:47:13,289 - DEBUG - STREAM b'IHDR' 16 13
2026-04-16 15:47:13,289 - DEBUG - STREAM b'sRGB' 41 1
2026-04-16 15:47:13,289 - DEBUG - STREAM b'IDAT' 54 8192
2026-04-16 15:47:13,310 - DEBUG - STREAM b'IHDR' 16 13
2026-04-16 15:47:13,310 - DEBUG - STREAM b'sRGB' 41 1
2026-04-16 15:47:13,310 - DEBUG - STREAM b'IDAT' 54 8192
2026-04-16 15:47:13,310 - DEBUG - STREAM b'IHDR' 16 13
2026-04-16 15:47:13,310 - DEBUG - STREAM b'sRGB' 41 1
2026-04-16 15:47:13,311 - DEBUG - STREAM b'IDAT' 54 8192
2026-04-16 15:47:13,333 - DEBUG - STREAM b'IHDR' 16 13
2026-04-16 15:47:13,333 - DEBUG - STREAM b'sRGB' 41 1
2026-04-16 15:47:13,333 - DEBUG - STREAM b'IDAT' 54 8192
2026-04-16 15:47:13,333 - DEBUG - STREAM b'IHDR' 16 13
2026-04-16 15:47:13,333 - DEBUG - STREAM b'sRGB' 41 1
2026-04-16 15:47:13,333 - DEBUG - STREAM b'IDAT' 54 8192
2026-04-16 15:47:13,355 - DEBUG - STREAM b'IHDR' 16 13
2026-04-16 15:47:13,355 - DEBUG - STREAM b'eXIf' 41 180
2026-04-16 15:47:13,355 - DEBUG - STREAM b'pHYs' 233 9
2026-04-16 15:47:13,355 - DEBUG - STREAM b'iTXt' 254 1383
2026-04-16 15:47:13,355 - DEBUG - STREAM b'IDAT' 1649 8192
2026-04-16 15:47:13,355 - DEBUG - STREAM b'IHDR' 16 13
2026-04-16 15:47:13,355 - DEBUG - STREAM b'eXIf' 41 180
2026-04-16 15:47:13,355 - DEBUG - STREAM b'pHYs' 233 9
2026-04-16 15:47:13,355 - DEBUG - STREAM b'iTXt' 254 1383
2026-04-16 15:47:13,355 - DEBUG - STREAM b'IDAT' 1649 8192
2026-04-16 15:47:14,485 - DEBUG - STREAM b'IHDR' 16 13
2026-04-16 15:47:14,486 - DEBUG - STREAM b'sRGB' 41 1
2026-04-16 15:47:14,487 - DEBUG - STREAM b'IDAT' 54 8192
2026-04-16 15:47:14,487 - DEBUG - STREAM b'IHDR' 16 13
2026-04-16 15:47:14,487 - DEBUG - STREAM b'sRGB' 41 1
2026-04-16 15:47:14,487 - DEBUG - STREAM b'IDAT' 54 8192
2026-04-16 15:47:14,504 - DEBUG - STREAM b'IHDR' 16 13
2026-04-16 15:47:14,505 - DEBUG - STREAM b'sRGB' 41 1
2026-04-16 15:47:14,505 - DEBUG - STREAM b'IDAT' 54 8192
2026-04-16 15:47:14,505 - DEBUG - STREAM b'IHDR' 16 13
2026-04-16 15:47:14,505 - DEBUG - STREAM b'sRGB' 41 1
2026-04-16 15:47:14,505 - DEBUG - STREAM b'IDAT' 54 8192
2026-04-16 15:47:14,527 - DEBUG - STREAM b'IHDR' 16 13
2026-04-16 15:47:14,527 - DEBUG - STREAM b'sRGB' 41 1
2026-04-16 15:47:14,527 - DEBUG - STREAM b'IDAT' 54 8192
2026-04-16 15:47:14,527 - DEBUG - STREAM b'IHDR' 16 13
2026-04-16 15:47:14,527 - DEBUG - STREAM b'sRGB' 41 1
2026-04-16 15:47:14,527 - DEBUG - STREAM b'IDAT' 54 8192
2026-04-16 15:47:14,544 - DEBUG - STREAM b'IHDR' 16 13
2026-04-16 15:47:14,545 - DEBUG - STREAM b'eXIf' 41 180
2026-04-16 15:47:14,545 - DEBUG - STREAM b'pHYs' 233 9
2026-04-16 15:47:14,545 - DEBUG - STREAM b'iTXt' 254 1383
2026-04-16 15:47:14,545 - DEBUG - STREAM b'IDAT' 1649 8192
2026-04-16 15:47:14,545 - DEBUG - STREAM b'IHDR' 16 13
2026-04-16 15:47:14,545 - DEBUG - STREAM b'eXIf' 41 180
2026-04-16 15:47:14,545 - DEBUG - STREAM b'pHYs' 233 9
2026-04-16 15:47:14,545 - DEBUG - STREAM b'iTXt' 254 1383
2026-04-16 15:47:14,545 - DEBUG - STREAM b'IDAT' 1649 8192
2026-04-16 15:47:22,031 - DEBUG - STREAM b'IHDR' 16 13
2026-04-16 15:47:22,031 - DEBUG - STREAM b'sRGB' 41 1
2026-04-16 15:47:22,031 - DEBUG - STREAM b'IDAT' 54 8192
2026-04-16 15:47:22,031 - DEBUG - STREAM b'IHDR' 16 13
2026-04-16 15:47:22,031 - DEBUG - STREAM b'sRGB' 41 1
2026-04-16 15:47:22,031 - DEBUG - STREAM b'IDAT' 54 8192
2026-04-16 15:47:22,047 - DEBUG - STREAM b'IHDR' 16 13
2026-04-16 15:47:22,048 - DEBUG - STREAM b'sRGB' 41 1
2026-04-16 15:47:22,048 - DEBUG - STREAM b'IDAT' 54 8192
2026-04-16 15:47:22,049 - DEBUG - STREAM b'IHDR' 16 13
2026-04-16 15:47:22,049 - DEBUG - STREAM b'sRGB' 41 1
2026-04-16 15:47:22,049 - DEBUG - STREAM b'IDAT' 54 8192
2026-04-16 15:47:22,067 - DEBUG - STREAM b'IHDR' 16 13
2026-04-16 15:47:22,067 - DEBUG - STREAM b'sRGB' 41 1
2026-04-16 15:47:22,067 - DEBUG - STREAM b'IDAT' 54 8192
2026-04-16 15:47:22,067 - DEBUG - STREAM b'IHDR' 16 13
2026-04-16 15:47:22,068 - DEBUG - STREAM b'sRGB' 41 1
2026-04-16 15:47:22,068 - DEBUG - STREAM b'IDAT' 54 8192
2026-04-16 15:47:22,086 - DEBUG - STREAM b'IHDR' 16 13
2026-04-16 15:47:22,087 - DEBUG - STREAM b'eXIf' 41 180
2026-04-16 15:47:22,088 - DEBUG - STREAM b'pHYs' 233 9
2026-04-16 15:47:22,088 - DEBUG - STREAM b'iTXt' 254 1383
2026-04-16 15:47:22,088 - DEBUG - STREAM b'IDAT' 1649 8192
2026-04-16 15:47:22,089 - DEBUG - STREAM b'IHDR' 16 13
2026-04-16 15:47:22,089 - DEBUG - STREAM b'eXIf' 41 180
2026-04-16 15:47:22,089 - DEBUG - STREAM b'pHYs' 233 9
2026-04-16 15:47:22,089 - DEBUG - STREAM b'iTXt' 254 1383
2026-04-16 15:47:22,089 - DEBUG - STREAM b'IDAT' 1649 8192
2026-04-16 15:47:23,169 - DEBUG - STREAM b'IHDR' 16 13
2026-04-16 15:47:23,170 - DEBUG - STREAM b'sRGB' 41 1
2026-04-16 15:47:23,171 - DEBUG - STREAM b'IDAT' 54 8192
2026-04-16 15:47:23,171 - DEBUG - STREAM b'IHDR' 16 13
2026-04-16 15:47:23,171 - DEBUG - STREAM b'sRGB' 41 1
2026-04-16 15:47:23,171 - DEBUG - STREAM b'IDAT' 54 8192
2026-04-16 15:47:23,214 - DEBUG - STREAM b'IHDR' 16 13
2026-04-16 15:47:23,214 - DEBUG - STREAM b'sRGB' 41 1
2026-04-16 15:47:23,215 - DEBUG - STREAM b'IDAT' 54 8192
2026-04-16 15:47:23,216 - DEBUG - STREAM b'IHDR' 16 13
2026-04-16 15:47:23,216 - DEBUG - STREAM b'sRGB' 41 1
2026-04-16 15:47:23,216 - DEBUG - STREAM b'IDAT' 54 8192
2026-04-16 15:47:23,236 - DEBUG - STREAM b'IHDR' 16 13
2026-04-16 15:47:23,237 - DEBUG - STREAM b'sRGB' 41 1
2026-04-16 15:47:23,237 - DEBUG - STREAM b'IDAT' 54 8192
2026-04-16 15:47:23,237 - DEBUG - STREAM b'IHDR' 16 13
2026-04-16 15:47:23,237 - DEBUG - STREAM b'sRGB' 41 1
2026-04-16 15:47:23,237 - DEBUG - STREAM b'IDAT' 54 8192
2026-04-16 15:47:23,276 - DEBUG - STREAM b'IHDR' 16 13
2026-04-16 15:47:23,276 - DEBUG - STREAM b'eXIf' 41 180
2026-04-16 15:47:23,277 - DEBUG - STREAM b'pHYs' 233 9
2026-04-16 15:47:23,277 - DEBUG - STREAM b'iTXt' 254 1383
2026-04-16 15:47:23,278 - DEBUG - STREAM b'IDAT' 1649 8192
2026-04-16 15:47:23,278 - DEBUG - STREAM b'IHDR' 16 13
2026-04-16 15:47:23,278 - DEBUG - STREAM b'eXIf' 41 180
2026-04-16 15:47:23,279 - DEBUG - STREAM b'pHYs' 233 9
2026-04-16 15:47:23,279 - DEBUG - STREAM b'iTXt' 254 1383
2026-04-16 15:47:23,279 - DEBUG - STREAM b'IDAT' 1649 8192
2026-04-16 15:47:25,980 - DEBUG - STREAM b'IHDR' 16 13
2026-04-16 15:47:25,981 - DEBUG - STREAM b'sRGB' 41 1
2026-04-16 15:47:25,981 - DEBUG - STREAM b'IDAT' 54 8192
2026-04-16 15:47:25,981 - DEBUG - STREAM b'IHDR' 16 13
2026-04-16 15:47:25,981 - DEBUG - STREAM b'sRGB' 41 1
2026-04-16 15:47:25,981 - DEBUG - STREAM b'IDAT' 54 8192
2026-04-16 15:47:25,998 - DEBUG - STREAM b'IHDR' 16 13
2026-04-16 15:47:25,998 - DEBUG - STREAM b'sRGB' 41 1
2026-04-16 15:47:25,999 - DEBUG - STREAM b'IDAT' 54 8192
2026-04-16 15:47:25,999 - DEBUG - STREAM b'IHDR' 16 13
2026-04-16 15:47:25,999 - DEBUG - STREAM b'sRGB' 41 1
2026-04-16 15:47:25,999 - DEBUG - STREAM b'IDAT' 54 8192
2026-04-16 15:47:26,016 - DEBUG - STREAM b'IHDR' 16 13
2026-04-16 15:47:26,016 - DEBUG - STREAM b'sRGB' 41 1
2026-04-16 15:47:26,016 - DEBUG - STREAM b'IDAT' 54 8192
2026-04-16 15:47:26,016 - DEBUG - STREAM b'IHDR' 16 13
2026-04-16 15:47:26,016 - DEBUG - STREAM b'sRGB' 41 1
2026-04-16 15:47:26,016 - DEBUG - STREAM b'IDAT' 54 8192
2026-04-16 15:47:26,046 - DEBUG - STREAM b'IHDR' 16 13
2026-04-16 15:47:26,046 - DEBUG - STREAM b'eXIf' 41 180
2026-04-16 15:47:26,046 - DEBUG - STREAM b'pHYs' 233 9
2026-04-16 15:47:26,048 - DEBUG - STREAM b'iTXt' 254 1383
2026-04-16 15:47:26,048 - DEBUG - STREAM b'IDAT' 1649 8192
2026-04-16 15:47:26,049 - DEBUG - STREAM b'IHDR' 16 13
2026-04-16 15:47:26,049 - DEBUG - STREAM b'eXIf' 41 180
2026-04-16 15:47:26,050 - DEBUG - STREAM b'pHYs' 233 9
2026-04-16 15:47:26,050 - DEBUG - STREAM b'iTXt' 254 1383
2026-04-16 15:47:26,050 - DEBUG - STREAM b'IDAT' 1649 8192
2026-04-16 15:47:30,168 - DEBUG - STREAM b'IHDR' 16 13
2026-04-16 15:47:30,168 - DEBUG - STREAM b'sRGB' 41 1
2026-04-16 15:47:30,168 - DEBUG - STREAM b'IDAT' 54 8192
2026-04-16 15:47:30,168 - DEBUG - STREAM b'IHDR' 16 13
2026-04-16 15:47:30,169 - DEBUG - STREAM b'sRGB' 41 1
2026-04-16 15:47:30,169 - DEBUG - STREAM b'IDAT' 54 8192
2026-04-16 15:47:30,213 - DEBUG - STREAM b'IHDR' 16 13
2026-04-16 15:47:30,223 - DEBUG - STREAM b'sRGB' 41 1
2026-04-16 15:47:30,233 - DEBUG - STREAM b'IDAT' 54 8192
2026-04-16 15:47:30,233 - DEBUG - STREAM b'IHDR' 16 13
2026-04-16 15:47:30,234 - DEBUG - STREAM b'sRGB' 41 1
2026-04-16 15:47:30,234 - DEBUG - STREAM b'IDAT' 54 8192
2026-04-16 15:47:30,269 - DEBUG - STREAM b'IHDR' 16 13
2026-04-16 15:47:30,269 - DEBUG - STREAM b'sRGB' 41 1
2026-04-16 15:47:30,269 - DEBUG - STREAM b'IDAT' 54 8192
2026-04-16 15:47:30,269 - DEBUG - STREAM b'IHDR' 16 13
2026-04-16 15:47:30,269 - DEBUG - STREAM b'sRGB' 41 1
2026-04-16 15:47:30,269 - DEBUG - STREAM b'IDAT' 54 8192
2026-04-16 15:47:30,299 - DEBUG - STREAM b'IHDR' 16 13
2026-04-16 15:47:30,299 - DEBUG - STREAM b'eXIf' 41 180
2026-04-16 15:47:30,299 - DEBUG - STREAM b'pHYs' 233 9
2026-04-16 15:47:30,299 - DEBUG - STREAM b'iTXt' 254 1383
2026-04-16 15:47:30,299 - DEBUG - STREAM b'IDAT' 1649 8192
2026-04-16 15:47:30,299 - DEBUG - STREAM b'IHDR' 16 13
2026-04-16 15:47:30,299 - DEBUG - STREAM b'eXIf' 41 180
2026-04-16 15:47:30,299 - DEBUG - STREAM b'pHYs' 233 9
2026-04-16 15:47:30,299 - DEBUG - STREAM b'iTXt' 254 1383
2026-04-16 15:47:30,300 - DEBUG - STREAM b'IDAT' 1649 8192
2026-04-16 15:47:32,814 - DEBUG - STREAM b'IHDR' 16 13
2026-04-16 15:47:32,815 - DEBUG - STREAM b'sRGB' 41 1
2026-04-16 15:47:32,815 - DEBUG - STREAM b'IDAT' 54 8192
2026-04-16 15:47:32,815 - DEBUG - STREAM b'IHDR' 16 13
2026-04-16 15:47:32,815 - DEBUG - STREAM b'sRGB' 41 1
2026-04-16 15:47:32,815 - DEBUG - STREAM b'IDAT' 54 8192
2026-04-16 15:47:32,856 - DEBUG - STREAM b'IHDR' 16 13
2026-04-16 15:47:32,856 - DEBUG - STREAM b'sRGB' 41 1
2026-04-16 15:47:32,857 - DEBUG - STREAM b'IDAT' 54 8192
2026-04-16 15:47:32,857 - DEBUG - STREAM b'IHDR' 16 13
2026-04-16 15:47:32,865 - DEBUG - STREAM b'sRGB' 41 1
2026-04-16 15:47:32,871 - DEBUG - STREAM b'IDAT' 54 8192
2026-04-16 15:47:32,901 - DEBUG - STREAM b'IHDR' 16 13
2026-04-16 15:47:32,901 - DEBUG - STREAM b'sRGB' 41 1
2026-04-16 15:47:32,901 - DEBUG - STREAM b'IDAT' 54 8192
2026-04-16 15:47:32,901 - DEBUG - STREAM b'IHDR' 16 13
2026-04-16 15:47:32,902 - DEBUG - STREAM b'sRGB' 41 1
2026-04-16 15:47:32,902 - DEBUG - STREAM b'IDAT' 54 8192
2026-04-16 15:47:32,935 - DEBUG - STREAM b'IHDR' 16 13
2026-04-16 15:47:32,935 - DEBUG - STREAM b'eXIf' 41 180
2026-04-16 15:47:32,936 - DEBUG - STREAM b'pHYs' 233 9
2026-04-16 15:47:32,936 - DEBUG - STREAM b'iTXt' 254 1383
2026-04-16 15:47:32,936 - DEBUG - STREAM b'IDAT' 1649 8192
2026-04-16 15:47:32,936 - DEBUG - STREAM b'IHDR' 16 13
2026-04-16 15:47:32,936 - DEBUG - STREAM b'eXIf' 41 180
2026-04-16 15:47:32,936 - DEBUG - STREAM b'pHYs' 233 9
2026-04-16 15:47:32,936 - DEBUG - STREAM b'iTXt' 254 1383
2026-04-16 15:47:32,938 - DEBUG - STREAM b'IDAT' 1649 8192
2026-04-16 15:47:37,692 - DEBUG - STREAM b'IHDR' 16 13
2026-04-16 15:47:37,692 - DEBUG - STREAM b'sRGB' 41 1
2026-04-16 15:47:37,693 - DEBUG - STREAM b'IDAT' 54 8192
2026-04-16 15:47:37,693 - DEBUG - STREAM b'IHDR' 16 13
2026-04-16 15:47:37,693 - DEBUG - STREAM b'sRGB' 41 1
2026-04-16 15:47:37,693 - DEBUG - STREAM b'IDAT' 54 8192
2026-04-16 15:47:37,714 - DEBUG - STREAM b'IHDR' 16 13
2026-04-16 15:47:37,716 - DEBUG - STREAM b'sRGB' 41 1
2026-04-16 15:47:37,716 - DEBUG - STREAM b'IDAT' 54 8192
2026-04-16 15:47:37,716 - DEBUG - STREAM b'IHDR' 16 13
2026-04-16 15:47:37,721 - DEBUG - STREAM b'sRGB' 41 1
2026-04-16 15:47:37,724 - DEBUG - STREAM b'IDAT' 54 8192
2026-04-16 15:47:37,764 - DEBUG - STREAM b'IHDR' 16 13
2026-04-16 15:47:37,764 - DEBUG - STREAM b'sRGB' 41 1
2026-04-16 15:47:37,764 - DEBUG - STREAM b'IDAT' 54 8192
2026-04-16 15:47:37,765 - DEBUG - STREAM b'IHDR' 16 13
2026-04-16 15:47:37,765 - DEBUG - STREAM b'sRGB' 41 1
2026-04-16 15:47:37,765 - DEBUG - STREAM b'IDAT' 54 8192
2026-04-16 15:47:37,791 - DEBUG - STREAM b'IHDR' 16 13
2026-04-16 15:47:37,793 - DEBUG - STREAM b'eXIf' 41 180
2026-04-16 15:47:37,793 - DEBUG - STREAM b'pHYs' 233 9
2026-04-16 15:47:37,793 - DEBUG - STREAM b'iTXt' 254 1383
2026-04-16 15:47:37,793 - DEBUG - STREAM b'IDAT' 1649 8192
2026-04-16 15:47:37,793 - DEBUG - STREAM b'IHDR' 16 13
2026-04-16 15:47:37,794 - DEBUG - STREAM b'eXIf' 41 180
2026-04-16 15:47:37,794 - DEBUG - STREAM b'pHYs' 233 9
2026-04-16 15:47:37,794 - DEBUG - STREAM b'iTXt' 254 1383
2026-04-16 15:47:37,795 - DEBUG - STREAM b'IDAT' 1649 8192
2026-04-16 15:47:49,539 - DEBUG - STREAM b'IHDR' 16 13
2026-04-16 15:47:49,540 - DEBUG - STREAM b'sRGB' 41 1
2026-04-16 15:47:49,540 - DEBUG - STREAM b'IDAT' 54 8192
2026-04-16 15:47:49,541 - DEBUG - STREAM b'IHDR' 16 13
2026-04-16 15:47:49,541 - DEBUG - STREAM b'sRGB' 41 1
2026-04-16 15:47:49,541 - DEBUG - STREAM b'IDAT' 54 8192
2026-04-16 15:47:49,556 - DEBUG - STREAM b'IHDR' 16 13
2026-04-16 15:47:49,556 - DEBUG - STREAM b'sRGB' 41 1
2026-04-16 15:47:49,556 - DEBUG - STREAM b'IDAT' 54 8192
2026-04-16 15:47:49,556 - DEBUG - STREAM b'IHDR' 16 13
2026-04-16 15:47:49,556 - DEBUG - STREAM b'sRGB' 41 1
2026-04-16 15:47:49,558 - DEBUG - STREAM b'IDAT' 54 8192
2026-04-16 15:47:49,582 - DEBUG - STREAM b'IHDR' 16 13
2026-04-16 15:47:49,582 - DEBUG - STREAM b'sRGB' 41 1
2026-04-16 15:47:49,583 - DEBUG - STREAM b'IDAT' 54 8192
2026-04-16 15:47:49,583 - DEBUG - STREAM b'IHDR' 16 13
2026-04-16 15:47:49,583 - DEBUG - STREAM b'sRGB' 41 1
2026-04-16 15:47:49,583 - DEBUG - STREAM b'IDAT' 54 8192
2026-04-16 15:47:49,600 - DEBUG - STREAM b'IHDR' 16 13
2026-04-16 15:47:49,600 - DEBUG - STREAM b'eXIf' 41 180
2026-04-16 15:47:49,600 - DEBUG - STREAM b'pHYs' 233 9
2026-04-16 15:47:49,600 - DEBUG - STREAM b'iTXt' 254 1383
2026-04-16 15:47:49,600 - DEBUG - STREAM b'IDAT' 1649 8192
2026-04-16 15:47:49,601 - DEBUG - STREAM b'IHDR' 16 13
2026-04-16 15:47:49,602 - DEBUG - STREAM b'eXIf' 41 180
2026-04-16 15:47:49,602 - DEBUG - STREAM b'pHYs' 233 9
2026-04-16 15:47:49,602 - DEBUG - STREAM b'iTXt' 254 1383
2026-04-16 15:47:49,602 - DEBUG - STREAM b'IDAT' 1649 8192
2026-04-16 15:48:01,581 - DEBUG - STREAM b'IHDR' 16 13
2026-04-16 15:48:01,581 - DEBUG - STREAM b'sRGB' 41 1
2026-04-16 15:48:01,581 - DEBUG - STREAM b'IDAT' 54 8192
2026-04-16 15:48:01,582 - DEBUG - STREAM b'IHDR' 16 13
2026-04-16 15:48:01,582 - DEBUG - STREAM b'sRGB' 41 1
2026-04-16 15:48:01,582 - DEBUG - STREAM b'IDAT' 54 8192
2026-04-16 15:48:01,597 - DEBUG - STREAM b'IHDR' 16 13
2026-04-16 15:48:01,597 - DEBUG - STREAM b'sRGB' 41 1
2026-04-16 15:48:01,597 - DEBUG - STREAM b'IDAT' 54 8192
2026-04-16 15:48:01,597 - DEBUG - STREAM b'IHDR' 16 13
2026-04-16 15:48:01,597 - DEBUG - STREAM b'sRGB' 41 1
2026-04-16 15:48:01,597 - DEBUG - STREAM b'IDAT' 54 8192
2026-04-16 15:48:01,619 - DEBUG - STREAM b'IHDR' 16 13
2026-04-16 15:48:01,619 - DEBUG - STREAM b'sRGB' 41 1
2026-04-16 15:48:01,619 - DEBUG - STREAM b'IDAT' 54 8192
2026-04-16 15:48:01,619 - DEBUG - STREAM b'IHDR' 16 13
2026-04-16 15:48:01,619 - DEBUG - STREAM b'sRGB' 41 1
2026-04-16 15:48:01,619 - DEBUG - STREAM b'IDAT' 54 8192
2026-04-16 15:48:01,639 - DEBUG - STREAM b'IHDR' 16 13
2026-04-16 15:48:01,640 - DEBUG - STREAM b'eXIf' 41 180
2026-04-16 15:48:01,640 - DEBUG - STREAM b'pHYs' 233 9
2026-04-16 15:48:01,640 - DEBUG - STREAM b'iTXt' 254 1383
2026-04-16 15:48:01,640 - DEBUG - STREAM b'IDAT' 1649 8192
2026-04-16 15:48:01,641 - DEBUG - STREAM b'IHDR' 16 13
2026-04-16 15:48:01,642 - DEBUG - STREAM b'eXIf' 41 180
2026-04-16 15:48:01,642 - DEBUG - STREAM b'pHYs' 233 9
2026-04-16 15:48:01,642 - DEBUG - STREAM b'iTXt' 254 1383
2026-04-16 15:48:01,642 - DEBUG - STREAM b'IDAT' 1649 8192
2026-04-16 15:48:08,089 - DEBUG - STREAM b'IHDR' 16 13
2026-04-16 15:48:08,089 - DEBUG - STREAM b'sRGB' 41 1
2026-04-16 15:48:08,090 - DEBUG - STREAM b'IDAT' 54 8192
2026-04-16 15:48:08,090 - DEBUG - STREAM b'IHDR' 16 13
2026-04-16 15:48:08,091 - DEBUG - STREAM b'sRGB' 41 1
2026-04-16 15:48:08,091 - DEBUG - STREAM b'IDAT' 54 8192
2026-04-16 15:48:08,103 - DEBUG - STREAM b'IHDR' 16 13
2026-04-16 15:48:08,103 - DEBUG - STREAM b'sRGB' 41 1
2026-04-16 15:48:08,103 - DEBUG - STREAM b'IDAT' 54 8192
2026-04-16 15:48:08,103 - DEBUG - STREAM b'IHDR' 16 13
2026-04-16 15:48:08,104 - DEBUG - STREAM b'sRGB' 41 1
2026-04-16 15:48:08,104 - DEBUG - STREAM b'IDAT' 54 8192
2026-04-16 15:48:08,120 - DEBUG - STREAM b'IHDR' 16 13
2026-04-16 15:48:08,120 - DEBUG - STREAM b'sRGB' 41 1
2026-04-16 15:48:08,121 - DEBUG - STREAM b'IDAT' 54 8192
2026-04-16 15:48:08,121 - DEBUG - STREAM b'IHDR' 16 13
2026-04-16 15:48:08,121 - DEBUG - STREAM b'sRGB' 41 1
2026-04-16 15:48:08,121 - DEBUG - STREAM b'IDAT' 54 8192
2026-04-16 15:48:08,135 - DEBUG - STREAM b'IHDR' 16 13
2026-04-16 15:48:08,136 - DEBUG - STREAM b'eXIf' 41 180
2026-04-16 15:48:08,136 - DEBUG - STREAM b'pHYs' 233 9
2026-04-16 15:48:08,136 - DEBUG - STREAM b'iTXt' 254 1383
2026-04-16 15:48:08,136 - DEBUG - STREAM b'IDAT' 1649 8192
2026-04-16 15:48:08,136 - DEBUG - STREAM b'IHDR' 16 13
2026-04-16 15:48:08,137 - DEBUG - STREAM b'eXIf' 41 180
2026-04-16 15:48:08,137 - DEBUG - STREAM b'pHYs' 233 9
2026-04-16 15:48:08,137 - DEBUG - STREAM b'iTXt' 254 1383
2026-04-16 15:48:08,137 - DEBUG - STREAM b'IDAT' 1649 8192
2026-04-16 15:59:55,150 - INFO - === INICIANDO DEBUG DE EXPORTAÇÃO ===
2026-04-16 15:59:55,150 - INFO - df_conciliado shape: (2659, 17)
2026-04-16 15:59:55,150 - INFO - df_nao_conciliado shape: (25, 19)
2026-04-16 15:59:55,150 - INFO - df_erp shape: (7876, 13)
2026-04-16 15:59:55,150 - INFO - df_cancelamento_venda shape: (29, 14)
2026-04-16 15:59:55,151 - INFO - df_aluguel_maquina shape: (4, 12)
2026-04-16 15:59:55,151 - INFO - relatorio_df shape: (19, 3)
2026-04-16 15:59:55,152 - INFO - Preparando df_conc_final...
2026-04-16 15:59:55,159 - INFO - df_conc_final shape: (2659, 20)
2026-04-16 15:59:55,159 - INFO - df_conc_final columns: ['EC CENTRALIZADOR', 'DATA DE VENCIMENTO', 'TIPO DE LANÇAMENTO', 'PARCELAS', 'AUTORIZAÇÃO', 'NÚMERO COMPROVANTE DE VENDA (NSU)', 'DATA DA VENDA', 'VALOR DA PARCELA', 'VALOR LÍQUIDO', 'PARCELA', 'TOTAL_PARCELAS', 'Autorização ERP', 'NSU ERP', 'Chave ERP', 'Valor ERP', 'Status', 'Pontuação', 'Chave', 'Valor bruto', 'Pessoa do Título']
2026-04-16 15:59:55,159 - INFO - Preparando df_nconc_final...
2026-04-16 15:59:55,167 - INFO - df_nconc_final shape: (25, 22)
2026-04-16 15:59:55,167 - INFO - df_nconc_final columns: ['EC CENTRALIZADOR', 'DATA DE VENCIMENTO', 'TIPO DE LANÇAMENTO', 'PARCELAS', 'AUTORIZAÇÃO', 'NÚMERO COMPROVANTE DE VENDA (NSU)', 'DATA DA VENDA', 'VALOR DA PARCELA', 'VALOR LÍQUIDO', 'PARCELA', 'TOTAL_PARCELAS', 'Autorização ERP', 'NSU ERP', 'Chave ERP', 'Valor ERP', 'Status', 'Pontuação', 'DIF_DIAS', 'DIF_VALOR', 'Chave', 'Valor bruto', 'Pessoa do Título']
2026-04-16 15:59:55,167 - INFO - Aplicando drop/rename/reordenação...
2026-04-16 15:59:55,172 - INFO - cols_presentes_conc: ['Cliente ERP', 'Chave ERP', 'Valor ERP', 'Valor Bruto ERP', 'NSU ERP', 'Autorização ERP', 'Data Venda Getnet', 'Valor Getnet', 'Valor Líquido Getnet', 'NSU Getnet', 'Autorização Getnet', 'Data Vencimento Getnet', 'Parcela Atual Getnet', 'Total Parcelas Getnet', 'Status da Conciliação', 'Score de Confiança']
2026-04-16 15:59:55,172 - INFO - cols_presentes_nconc: ['Cliente ERP', 'Chave ERP', 'Valor ERP', 'Valor Bruto ERP', 'NSU ERP', 'Autorização ERP', 'Data Venda Getnet', 'Valor Getnet', 'Valor Líquido Getnet', 'NSU Getnet', 'Autorização Getnet', 'Data Vencimento Getnet', 'Parcela Atual Getnet', 'Total Parcelas Getnet', 'Status da Conciliação', 'Diferença Valor (Getnet x ERP)', 'Diferença Dias (Getnet x ERP)', 'Score de Confiança']
2026-04-16 15:59:55,175 - INFO - Escrevendo aba Conciliados...
2026-04-16 15:59:55,690 - INFO - Escrevendo aba Não conciliados...
2026-04-16 15:59:55,708 - INFO - Escrevendo aba Cancelamentos...
2026-04-16 15:59:55,723 - INFO - Escrevendo aba Aluguel e Tarifas...
2026-04-16 15:59:55,727 - INFO - Escrevendo aba Resumo...
2026-04-16 15:59:56,781 - INFO - Arquivo Excel gravado com sucesso. Abrindo com openpyxl...
2026-04-16 15:59:57,464 - INFO - Aba(s) encontradas no workbook: ['Conciliados', 'Não conciliados', 'Cancelamentos', 'Aluguel e Tarifas', 'Resumo']
2026-04-16 15:59:57,469 - INFO - Header da aba Conciliados: ['Cliente ERP', 'Chave ERP', 'Valor ERP', 'Valor Bruto ERP', 'NSU ERP', 'Autorização ERP', 'Data Venda Getnet', 'Valor Getnet', 'Valor Líquido Getnet', 'NSU Getnet', 'Autorização Getnet', 'Data Vencimento Getnet', 'Parcela Atual Getnet', 'Total Parcelas Getnet', 'Status da Conciliação', 'Score de Confiança']
2026-04-16 15:59:57,476 - INFO - Quantidade de chaves ERP encontradas: 2659
2026-04-16 16:00:28,516 - INFO - === INICIANDO DEBUG DE EXPORTAÇÃO ===
2026-04-16 16:00:28,519 - INFO - df_conciliado shape: (2659, 17)
2026-04-16 16:00:28,520 - INFO - df_nao_conciliado shape: (25, 19)
2026-04-16 16:00:28,521 - INFO - df_erp shape: (7876, 13)
2026-04-16 16:00:28,521 - INFO - df_cancelamento_venda shape: (29, 14)
2026-04-16 16:00:28,521 - INFO - df_aluguel_maquina shape: (4, 12)
2026-04-16 16:00:28,521 - INFO - relatorio_df shape: (19, 3)
2026-04-16 16:00:28,521 - INFO - Preparando df_conc_final...
2026-04-16 16:00:28,531 - INFO - df_conc_final shape: (2659, 20)
2026-04-16 16:00:28,531 - INFO - df_conc_final columns: ['EC CENTRALIZADOR', 'DATA DE VENCIMENTO', 'TIPO DE LANÇAMENTO', 'PARCELAS', 'AUTORIZAÇÃO', 'NÚMERO COMPROVANTE DE VENDA (NSU)', 'DATA DA VENDA', 'VALOR DA PARCELA', 'VALOR LÍQUIDO', 'PARCELA', 'TOTAL_PARCELAS', 'Autorização ERP', 'NSU ERP', 'Chave ERP', 'Valor ERP', 'Status', 'Pontuação', 'Chave', 'Valor bruto', 'Pessoa do Título']
2026-04-16 16:00:28,532 - INFO - Preparando df_nconc_final...
2026-04-16 16:00:28,546 - INFO - df_nconc_final shape: (25, 22)
2026-04-16 16:00:28,546 - INFO - df_nconc_final columns: ['EC CENTRALIZADOR', 'DATA DE VENCIMENTO', 'TIPO DE LANÇAMENTO', 'PARCELAS', 'AUTORIZAÇÃO', 'NÚMERO COMPROVANTE DE VENDA (NSU)', 'DATA DA VENDA', 'VALOR DA PARCELA', 'VALOR LÍQUIDO', 'PARCELA', 'TOTAL_PARCELAS', 'Autorização ERP', 'NSU ERP', 'Chave ERP', 'Valor ERP', 'Status', 'Pontuação', 'DIF_DIAS', 'DIF_VALOR', 'Chave', 'Valor bruto', 'Pessoa do Título']
2026-04-16 16:00:28,546 - INFO - Aplicando drop/rename/reordenação...
2026-04-16 16:00:28,549 - INFO - cols_presentes_conc: ['Cliente ERP', 'Chave ERP', 'Valor ERP', 'Valor Bruto ERP', 'NSU ERP', 'Autorização ERP', 'Data Venda Getnet', 'Valor Getnet', 'Valor Líquido Getnet', 'NSU Getnet', 'Autorização Getnet', 'Data Vencimento Getnet', 'Parcela Atual Getnet', 'Total Parcelas Getnet', 'Status da Conciliação', 'Score de Confiança']
2026-04-16 16:00:28,550 - INFO - cols_presentes_nconc: ['Cliente ERP', 'Chave ERP', 'Valor ERP', 'Valor Bruto ERP', 'NSU ERP', 'Autorização ERP', 'Data Venda Getnet', 'Valor Getnet', 'Valor Líquido Getnet', 'NSU Getnet', 'Autorização Getnet', 'Data Vencimento Getnet', 'Parcela Atual Getnet', 'Total Parcelas Getnet', 'Status da Conciliação', 'Diferença Valor (Getnet x ERP)', 'Diferença Dias (Getnet x ERP)', 'Score de Confiança']
2026-04-16 16:00:28,553 - INFO - Escrevendo aba Conciliados...
2026-04-16 16:00:29,034 - INFO - Escrevendo aba Não conciliados...
2026-04-16 16:00:29,043 - INFO - Escrevendo aba Cancelamentos...
2026-04-16 16:00:29,051 - INFO - Escrevendo aba Aluguel e Tarifas...
2026-04-16 16:00:29,056 - INFO - Escrevendo aba Resumo...
2026-04-16 16:00:30,019 - INFO - Arquivo Excel gravado com sucesso. Abrindo com openpyxl...
2026-04-16 16:00:30,748 - INFO - Aba(s) encontradas no workbook: ['Conciliados', 'Não conciliados', 'Cancelamentos', 'Aluguel e Tarifas', 'Resumo']
2026-04-16 16:00:30,755 - INFO - Header da aba Conciliados: ['Cliente ERP', 'Chave ERP', 'Valor ERP', 'Valor Bruto ERP', 'NSU ERP', 'Autorização ERP', 'Data Venda Getnet', 'Valor Getnet', 'Valor Líquido Getnet', 'NSU Getnet', 'Autorização Getnet', 'Data Vencimento Getnet', 'Parcela Atual Getnet', 'Total Parcelas Getnet', 'Status da Conciliação', 'Score de Confiança']
2026-04-16 16:00:30,762 - INFO - Quantidade de chaves ERP encontradas: 2659
